Copyright 1986-2022 Xilinx, Inc. All Rights Reserved. Copyright 2022-2023 Advanced Micro Devices, Inc. All Rights Reserved.
---------------------------------------------------------------------------------------------------------------------------------------------
| Tool Version : Vivado v.2023.2 (win64) Build 4029153 Fri Oct 13 20:14:34 MDT 2023
| Date         : Wed Apr 29 21:57:38 2026
| Host         : YukiRin running 64-bit major release  (build 9200)
| Command      : report_high_fanout_nets -max_nets 100 -file d:/digital_twin/digital_twin/inspect_high_fanout_after_place.rpt
| Design       : top
| Device       : xc7k325t
---------------------------------------------------------------------------------------------------------------------------------------------

High Fan-out Nets Information

1. Summary
----------

+--------------------------------------------------------+--------+-------------+
| Net Name                                               | Fanout | Driver Type |
+--------------------------------------------------------+--------+-------------+
| student_top_inst/Core_cpu/u_rf/bbstub_locked           |   2306 | LUT1        |
| student_top_inst/Core_cpu/D[7]                         |    498 | FDCE        |
| student_top_inst/Core_cpu/D[8]                         |    358 | FDCE        |
| student_top_inst/Core_cpu/id_rs1[0]                    |    261 | FDCE        |
| student_top_inst/Core_cpu/id_rs2[0]                    |    261 | FDCE        |
| student_top_inst/Core_cpu/D[0]_repN_1                  |    245 | FDCE        |
| student_top_inst/Core_cpu/D[11]_repN_1                 |    235 | FDCE        |
| student_top_inst/Core_cpu/D[1]_repN_1                  |    234 | FDCE        |
| student_top_inst/Core_cpu/D[6]_repN_1                  |    234 | FDCE        |
| student_top_inst/Core_cpu/D[2]_repN                    |    233 | FDCE        |
| student_top_inst/Core_cpu/D[5]_repN_1                  |    231 | FDCE        |
| student_top_inst/Core_cpu/D[6]_repN_2                  |    211 | FDCE        |
| student_top_inst/Core_cpu/D[0]_repN_2                  |    210 | FDCE        |
| student_top_inst/Core_cpu/D[11]_repN_2                 |    208 | FDCE        |
| student_top_inst/Core_cpu/D[1]_repN_2                  |    206 | FDCE        |
| student_top_inst/Core_cpu/D[2]_repN_2                  |    206 | FDCE        |
| student_top_inst/Core_cpu/D[5]_repN_2                  |    205 | FDCE        |
| student_top_inst/Core_cpu/D[11]_repN_3                 |    202 | FDCE        |
| student_top_inst/Core_cpu/D[5]_repN_3                  |    201 | FDCE        |
| student_top_inst/Core_cpu/D[6]_repN_3                  |    201 | FDCE        |
| student_top_inst/Core_cpu/D[0]_repN_4                  |    200 | FDCE        |
| student_top_inst/Core_cpu/D[1]_repN_3                  |    200 | FDCE        |
| student_top_inst/Core_cpu/D[2]_repN_4                  |    200 | FDCE        |
| student_top_inst/Core_cpu/idex_alu_op[2]               |    196 | FDCE        |
| student_top_inst/Core_cpu/exmem_pc_redirect_reg_n_0    |    192 | FDCE        |
| student_top_inst/Core_cpu/idex_alu_op[0]               |    182 | FDCE        |
| student_top_inst/Core_cpu/D[11]_repN_4                 |    167 | FDCE        |
| student_top_inst/Core_cpu/D[6]_repN_4                  |    167 | FDCE        |
| student_top_inst/Core_cpu/D[5]_repN_4                  |    166 | FDCE        |
| student_top_inst/Core_cpu/idex_alu_op[3]               |    166 | FDCE        |
| student_top_inst/Core_cpu/D[1]_repN_4                  |    165 | FDCE        |
| student_top_inst/Core_cpu/D[0]_repN_3                  |    164 | FDCE        |
| student_top_inst/Core_cpu/D[2]_repN_3                  |    163 | FDCE        |
| student_top_inst/Core_cpu/p_3_in                       |    162 | LUT2        |
| student_top_inst/Core_cpu/idex_alu_op[1]               |    156 | FDCE        |
| student_top_inst/Core_cpu/D[11]_repN                   |    150 | FDCE        |
| student_top_inst/Core_cpu/D[5]_repN                    |    150 | FDCE        |
| student_top_inst/Core_cpu/D[1]_repN                    |    148 | FDCE        |
| student_top_inst/Core_cpu/D[0]_repN                    |    147 | FDCE        |
| student_top_inst/Core_cpu/D[2]_repN_1                  |    147 | FDCE        |
| student_top_inst/Core_cpu/D[6]_repN                    |    147 | FDCE        |
| uart_inst/E[0]                                         |    144 | LUT5        |
| student_top_inst/Core_cpu/id_rs1[2]                    |    133 | FDCE        |
| student_top_inst/Core_cpu/id_rs2[2]                    |    133 | FDCE        |
| student_top_inst/Core_cpu/D[10]                        |    129 | FDCE        |
| student_top_inst/Core_cpu/D[9]                         |    124 | FDCE        |
| student_top_inst/Core_cpu/ex_alu_b[1]                  |    115 | LUT6        |
| student_top_inst/Core_cpu/D[0]_repN_5                  |    114 | FDCE        |
| student_top_inst/Core_cpu/D[11]_repN_5                 |    114 | FDCE        |
| student_top_inst/Core_cpu/D[1]_repN_5                  |    114 | FDCE        |
| student_top_inst/Core_cpu/D[2]_repN_5                  |    114 | FDCE        |
| student_top_inst/Core_cpu/D[5]_repN_5                  |    114 | FDCE        |
| student_top_inst/Core_cpu/D[6]_repN_5                  |    114 | FDCE        |
| student_top_inst/Core_cpu/ex_alu_b[0]                  |    110 | LUT5        |
| student_top_inst/Core_cpu/ex_alu_b[3]                  |    110 | LUT5        |
| student_top_inst/Core_cpu/ex_alu_b[2]                  |    105 | LUT6        |
| student_top_inst/Core_cpu/ifid_pc                      |     94 | LUT2        |
| student_top_inst/Core_cpu/ex_alu_b[4]                  |     93 | LUT5        |
| student_top_inst/Core_cpu/idex_alu_src_a_sel           |     91 | FDCE        |
| student_top_inst/Core_cpu/id_rs1[1]                    |     89 | FDCE        |
| student_top_inst/Core_cpu/id_rs2[1]                    |     89 | FDCE        |
| student_top_inst/Core_cpu/id_rs1_reg[1]_rep__0_n_0     |     86 | FDCE        |
| student_top_inst/Core_cpu/id_rs1_reg[1]_rep_n_0        |     86 | FDCE        |
| student_top_inst/Core_cpu/id_rs2_reg[1]_rep__0_n_0     |     86 | FDCE        |
| student_top_inst/Core_cpu/id_rs2_reg[1]_rep_n_0        |     86 | FDCE        |
| student_top_inst/Core_cpu/idex_alu_src_a_sel_reg_0     |     80 | LUT4        |
| uart_inst/rx_data[7]                                   |     74 | FDCE        |
| student_top_inst/Core_cpu/id_rs1[3]                    |     69 | FDCE        |
| student_top_inst/Core_cpu/id_rs2[3]                    |     69 | FDCE        |
| student_top_inst/Core_cpu/pc_q[0]_i_1_n_0              |     69 | LUT2        |
| student_top_inst/Core_cpu/ADDRARDADDR[10]              |     66 | FDCE        |
| student_top_inst/Core_cpu/ADDRARDADDR[7]               |     66 | FDCE        |
| student_top_inst/Core_cpu/ADDRARDADDR[9]               |     66 | FDCE        |
| student_top_inst/Core_cpu/exmem_alu_y_reg[15]_0[0]     |     64 | LUT6        |
| student_top_inst/Core_cpu/D[3]                         |     58 | FDCE        |
| student_top_inst/Core_cpu/memwb_funct3[1]              |     54 | FDCE        |
| student_top_inst/bridge_inst/seg_driver/Q[0]           |     53 | FDCE        |
| student_top_inst/bridge_inst/sel_cnt_r                 |     49 | FDRE        |
| student_top_inst/bridge_inst/sel_mmio_r                |     49 | FDRE        |
| student_top_inst/Core_cpu/memwb_wb_sel[0]              |     48 | FDCE        |
| student_top_inst/Core_cpu/memwb_wb_sel[1]              |     48 | FDCE        |
| student_top_inst/bridge_inst/sel_dram_r                |     48 | FDRE        |
| uart_inst/rx_data[0]                                   |     47 | FDCE        |
| uart_inst/rx_data[1]                                   |     47 | FDCE        |
| twin_controller_inst/send_cnt_reg[0]                   |     46 | FDCE        |
| student_top_inst/Core_cpu/ex_alu_a[31]                 |     45 | LUT5        |
| student_top_inst/Core_cpu/exmem_store_data[31]_i_8_n_0 |     45 | LUT6        |
| student_top_inst/Core_cpu/idex_valid_reg_n_0           |     42 | FDCE        |
| student_top_inst/Core_cpu/memwb_funct3[2]              |     41 | FDCE        |
| student_top_inst/Core_cpu/idex_pc_sel[0]               |     40 | FDCE        |
| student_top_inst/Core_cpu/idex_pc_sel[1]               |     40 | FDCE        |
| student_top_inst/Core_cpu/mmio_rdata_r[29]_i_2_n_0     |     40 | LUT2        |
| student_top_inst/Core_cpu/u_rf/memwb_wdata_final[1]    |     40 | LUT6        |
| student_top_inst/Core_cpu/u_rf/memwb_wb_sel_reg[0]     |     39 | LUT2        |
| student_top_inst/Core_cpu/u_rf/memwb_wb_sel_reg[1]     |     39 | LUT3        |
| student_top_inst/Core_cpu/u_rf/memwb_wdata_final[10]   |     39 | LUT6        |
| student_top_inst/Core_cpu/u_rf/memwb_wdata_final[11]   |     39 | LUT6        |
| student_top_inst/Core_cpu/u_rf/memwb_wdata_final[12]   |     39 | LUT6        |
| student_top_inst/Core_cpu/u_rf/memwb_wdata_final[13]   |     39 | LUT6        |
| student_top_inst/Core_cpu/u_rf/memwb_wdata_final[14]   |     39 | LUT6        |
+--------------------------------------------------------+--------+-------------+


