Copyright 1986-2022 Xilinx, Inc. All Rights Reserved. Copyright 2022-2023 Advanced Micro Devices, Inc. All Rights Reserved.
---------------------------------------------------------------------------------------------------------------------------------------------
| Tool Version : Vivado v.2023.2 (win64) Build 4029153 Fri Oct 13 20:14:34 MDT 2023
| Date         : Wed Apr 29 20:39:28 2026
| Host         : YukiRin running 64-bit major release  (build 9200)
| Command      : report_control_sets -verbose -file top_control_sets_placed.rpt
| Design       : top
| Device       : xc7k325t
---------------------------------------------------------------------------------------------------------------------------------------------

Control Set Information

Table of Contents
-----------------
1. Summary
2. Histogram
3. Flip-Flop Distribution
4. Detailed Control Set Information

1. Summary
----------

+----------------------------------------------------------+-------+
|                          Status                          | Count |
+----------------------------------------------------------+-------+
| Total control sets                                       |    54 |
|    Minimum number of control sets                        |    54 |
|    Addition due to synthesis replication                 |     0 |
|    Addition due to physical synthesis replication        |     0 |
| Unused register locations in slices containing registers |    57 |
+----------------------------------------------------------+-------+
* Control sets can be merged at opt_design using control_set_merge or merge_equivalent_drivers
** Run report_qor_suggestions for automated merging and remapping suggestions


2. Histogram
------------

+--------------------+-------+
|       Fanout       | Count |
+--------------------+-------+
| Total control sets |    54 |
| >= 0 to < 4        |     1 |
| >= 4 to < 6        |     3 |
| >= 6 to < 8        |     0 |
| >= 8 to < 10       |     4 |
| >= 10 to < 12      |     0 |
| >= 12 to < 14      |     3 |
| >= 14 to < 16      |     0 |
| >= 16              |    43 |
+--------------------+-------+
* Control sets can be remapped at either synth_design or opt_design


3. Flip-Flop Distribution
-------------------------

+--------------+-----------------------+------------------------+-----------------+--------------+
| Clock Enable | Synchronous Set/Reset | Asynchronous Set/Reset | Total Registers | Total Slices |
+--------------+-----------------------+------------------------+-----------------+--------------+
| No           | No                    | No                     |              35 |           21 |
| No           | No                    | Yes                    |             468 |          101 |
| No           | Yes                   | No                     |              32 |           15 |
| Yes          | No                    | No                     |              96 |           27 |
| Yes          | No                    | Yes                    |            1768 |          815 |
| Yes          | Yes                   | No                     |               0 |            0 |
+--------------+-----------------------+------------------------+-----------------+--------------+


4. Detailed Control Set Information
-----------------------------------

+-------------------------+-------------------------------------------------------------+----------------------------------------------+------------------+----------------+--------------+
|       Clock Signal      |                        Enable Signal                        |               Set/Reset Signal               | Slice Load Count | Bel Load Count | Bels / Slice |
+-------------------------+-------------------------------------------------------------+----------------------------------------------+------------------+----------------+--------------+
|  pll_inst/inst/clk_out1 | uart_inst/tx_i_1_n_0                                        | student_top_inst/Core_cpu/u_rf/bbstub_locked |                1 |              1 |         1.00 |
|  pll_inst/inst/clk_out1 | uart_inst/rx_bit_cnt                                        | student_top_inst/Core_cpu/u_rf/bbstub_locked |                1 |              4 |         4.00 |
|  pll_inst/inst/clk_out1 | uart_inst/tx_bit_cnt                                        | student_top_inst/Core_cpu/u_rf/bbstub_locked |                1 |              4 |         4.00 |
|  pll_inst/inst/clk_out1 | twin_controller_inst/send_cnt[4]_i_1_n_0                    | student_top_inst/Core_cpu/u_rf/bbstub_locked |                1 |              5 |         5.00 |
|  pll_inst/inst/clk_out1 | twin_controller_inst/tx_start_next                          | student_top_inst/Core_cpu/u_rf/bbstub_locked |                3 |              8 |         2.67 |
|  pll_inst/inst/clk_out1 | uart_inst/rx_data[7]_i_1_n_0                                | student_top_inst/Core_cpu/u_rf/bbstub_locked |                2 |              8 |         4.00 |
|  pll_inst/inst/clk_out1 | uart_inst/rx_shift                                          | student_top_inst/Core_cpu/u_rf/bbstub_locked |                2 |              8 |         4.00 |
|  pll_inst/inst/clk_out1 | uart_inst/tx_shift                                          | student_top_inst/Core_cpu/u_rf/bbstub_locked |                2 |              9 |         4.50 |
|  pll_inst/inst/clk_out1 | uart_inst/rx_ready_cnt[12]_i_1_n_0                          | student_top_inst/Core_cpu/u_rf/bbstub_locked |                3 |             13 |         4.33 |
|  pll_inst/inst/clk_out1 | uart_inst/rx_cnt                                            | student_top_inst/Core_cpu/u_rf/bbstub_locked |                3 |             13 |         4.33 |
|  pll_inst/inst/clk_out1 | uart_inst/tx_cnt                                            | student_top_inst/Core_cpu/u_rf/bbstub_locked |                4 |             13 |         3.25 |
|  pll_inst/inst/clk_out2 | student_top_inst/Core_cpu/u_rf/reg_bank[13][31]_i_1_n_0     | student_top_inst/Core_cpu/u_rf/bbstub_locked |               12 |             32 |         2.67 |
|  pll_inst/inst/clk_out2 | student_top_inst/Core_cpu/u_rf/reg_bank[6][31]_i_1_n_0      | student_top_inst/Core_cpu/u_rf/bbstub_locked |               19 |             32 |         1.68 |
|  pll_inst/inst/clk_out1 | student_top_inst/bridge_inst/counter_inst/cnt_ms[0]_i_1_n_0 | student_top_inst/Core_cpu/u_rf/bbstub_locked |                8 |             32 |         4.00 |
|  pll_inst/inst/clk_out2 | student_top_inst/Core_cpu/u_rf/reg_bank[14][31]_i_1_n_0     | student_top_inst/Core_cpu/u_rf/bbstub_locked |               19 |             32 |         1.68 |
|  pll_inst/inst/clk_out2 |                                                             | student_top_inst/Core_cpu/perip_wen          |               15 |             32 |         2.13 |
|  pll_inst/inst/clk_out2 | student_top_inst/Core_cpu/u_rf/reg_bank[17][31]_i_1_n_0     | student_top_inst/Core_cpu/u_rf/bbstub_locked |               14 |             32 |         2.29 |
|  pll_inst/inst/clk_out2 | student_top_inst/Core_cpu/u_rf/reg_bank[23][31]_i_1_n_0     | student_top_inst/Core_cpu/u_rf/bbstub_locked |               17 |             32 |         1.88 |
|  pll_inst/inst/clk_out2 | student_top_inst/Core_cpu/u_rf/reg_bank[24][31]_i_1_n_0     | student_top_inst/Core_cpu/u_rf/bbstub_locked |               13 |             32 |         2.46 |
|  pll_inst/inst/clk_out2 | student_top_inst/Core_cpu/pc_q[31]_i_1_n_0                  | student_top_inst/Core_cpu/u_rf/bbstub_locked |               27 |             32 |         1.19 |
|  pll_inst/inst/clk_out2 | student_top_inst/Core_cpu/E[0]                              |                                              |               12 |             32 |         2.67 |
|  pll_inst/inst/clk_out2 | student_top_inst/Core_cpu/u_rf/reg_bank[7][31]_i_1_n_0      | student_top_inst/Core_cpu/u_rf/bbstub_locked |               24 |             32 |         1.33 |
|  pll_inst/inst/clk_out2 | student_top_inst/Core_cpu/u_rf/reg_bank[2][31]_i_1_n_0      | student_top_inst/Core_cpu/u_rf/bbstub_locked |               13 |             32 |         2.46 |
|  pll_inst/inst/clk_out2 | student_top_inst/Core_cpu/u_rf/reg_bank[16][31]_i_1_n_0     | student_top_inst/Core_cpu/u_rf/bbstub_locked |               16 |             32 |         2.00 |
|  pll_inst/inst/clk_out2 | student_top_inst/Core_cpu/u_rf/reg_bank[1][31]_i_1_n_0      | student_top_inst/Core_cpu/u_rf/bbstub_locked |               15 |             32 |         2.13 |
|  pll_inst/inst/clk_out2 | student_top_inst/Core_cpu/u_rf/reg_bank[20][31]_i_1_n_0     | student_top_inst/Core_cpu/u_rf/bbstub_locked |               11 |             32 |         2.91 |
|  pll_inst/inst/clk_out2 | student_top_inst/Core_cpu/u_rf/reg_bank[19][31]_i_1_n_0     | student_top_inst/Core_cpu/u_rf/bbstub_locked |               14 |             32 |         2.29 |
|  pll_inst/inst/clk_out2 | student_top_inst/Core_cpu/u_rf/reg_bank[4][31]_i_1_n_0      | student_top_inst/Core_cpu/u_rf/bbstub_locked |               18 |             32 |         1.78 |
|  pll_inst/inst/clk_out2 | student_top_inst/Core_cpu/u_rf/reg_bank                     | student_top_inst/Core_cpu/u_rf/bbstub_locked |               20 |             32 |         1.60 |
|  pll_inst/inst/clk_out2 | student_top_inst/Core_cpu/u_rf/reg_bank[9][31]_i_1_n_0      | student_top_inst/Core_cpu/u_rf/bbstub_locked |               25 |             32 |         1.28 |
|  pll_inst/inst/clk_out2 | student_top_inst/Core_cpu/u_rf/reg_bank[22][31]_i_1_n_0     | student_top_inst/Core_cpu/u_rf/bbstub_locked |               18 |             32 |         1.78 |
|  pll_inst/inst/clk_out2 | student_top_inst/Core_cpu/u_rf/reg_bank[26][31]_i_1_n_0     | student_top_inst/Core_cpu/u_rf/bbstub_locked |               20 |             32 |         1.60 |
|  pll_inst/inst/clk_out2 | student_top_inst/Core_cpu/u_rf/reg_bank[0][31]_i_1_n_0      | student_top_inst/Core_cpu/u_rf/bbstub_locked |                9 |             32 |         3.56 |
|  pll_inst/inst/clk_out2 | student_top_inst/Core_cpu/u_rf/reg_bank[10][31]_i_1_n_0     | student_top_inst/Core_cpu/u_rf/bbstub_locked |               15 |             32 |         2.13 |
|  pll_inst/inst/clk_out2 | student_top_inst/Core_cpu/u_rf/reg_bank[5][31]_i_1_n_0      | student_top_inst/Core_cpu/u_rf/bbstub_locked |               17 |             32 |         1.88 |
|  pll_inst/inst/clk_out2 | student_top_inst/Core_cpu/u_rf/reg_bank[30][31]_i_1_n_0     | student_top_inst/Core_cpu/u_rf/bbstub_locked |               21 |             32 |         1.52 |
|  pll_inst/inst/clk_out2 | student_top_inst/Core_cpu/u_rf/reg_bank[11][31]_i_1_n_0     | student_top_inst/Core_cpu/u_rf/bbstub_locked |               13 |             32 |         2.46 |
|  pll_inst/inst/clk_out2 | student_top_inst/Core_cpu/u_rf/reg_bank[28][31]_i_1_n_0     | student_top_inst/Core_cpu/u_rf/bbstub_locked |               21 |             32 |         1.52 |
|  pll_inst/inst/clk_out2 | student_top_inst/Core_cpu/u_rf/reg_bank[27][31]_i_1_n_0     | student_top_inst/Core_cpu/u_rf/bbstub_locked |               24 |             32 |         1.33 |
|  pll_inst/inst/clk_out2 | student_top_inst/Core_cpu/u_rf/reg_bank[8][31]_i_1_n_0      | student_top_inst/Core_cpu/u_rf/bbstub_locked |               18 |             32 |         1.78 |
|  pll_inst/inst/clk_out2 | student_top_inst/Core_cpu/u_rf/reg_bank[25][31]_i_1_n_0     | student_top_inst/Core_cpu/u_rf/bbstub_locked |               18 |             32 |         1.78 |
|  pll_inst/inst/clk_out2 | student_top_inst/Core_cpu/u_rf/reg_bank[18][31]_i_1_n_0     | student_top_inst/Core_cpu/u_rf/bbstub_locked |               15 |             32 |         2.13 |
|  pll_inst/inst/clk_out2 | student_top_inst/Core_cpu/u_rf/reg_bank[15][31]_i_1_n_0     | student_top_inst/Core_cpu/u_rf/bbstub_locked |               11 |             32 |         2.91 |
|  pll_inst/inst/clk_out2 | student_top_inst/Core_cpu/u_rf/reg_bank[12][31]_i_1_n_0     | student_top_inst/Core_cpu/u_rf/bbstub_locked |               16 |             32 |         2.00 |
|  pll_inst/inst/clk_out2 | student_top_inst/Core_cpu/u_rf/reg_bank[21][31]_i_1_n_0     | student_top_inst/Core_cpu/u_rf/bbstub_locked |               10 |             32 |         3.20 |
|  pll_inst/inst/clk_out2 | student_top_inst/Core_cpu/u_rf/reg_bank[3][31]_i_1_n_0      | student_top_inst/Core_cpu/u_rf/bbstub_locked |               17 |             32 |         1.88 |
|  pll_inst/inst/clk_out2 | student_top_inst/Core_cpu/u_rf/reg_bank[29][31]_i_1_n_0     | student_top_inst/Core_cpu/u_rf/bbstub_locked |               21 |             32 |         1.52 |
|  pll_inst/inst/clk_out2 |                                                             |                                              |               21 |             35 |         1.67 |
|  pll_inst/inst/clk_out2 | student_top_inst/Core_cpu/exmem_alu_y_reg[31]_0[0]          |                                              |               15 |             64 |         4.27 |
|  pll_inst/inst/clk_out1 | uart_inst/E[0]                                              | student_top_inst/Core_cpu/u_rf/bbstub_locked |               36 |            144 |         4.00 |
|  pll_inst/inst/clk_out2 | student_top_inst/Core_cpu/p_2_in                            | student_top_inst/Core_cpu/u_rf/bbstub_locked |              111 |            212 |         1.91 |
|  pll_inst/inst/clk_out2 |                                                             | student_top_inst/Core_cpu/u_rf/bbstub_locked |               44 |            218 |         4.95 |
|  pll_inst/inst/clk_out2 | student_top_inst/Core_cpu/idex_pc                           | student_top_inst/Core_cpu/u_rf/bbstub_locked |               76 |            238 |         3.13 |
|  pll_inst/inst/clk_out1 |                                                             | student_top_inst/Core_cpu/u_rf/bbstub_locked |               57 |            250 |         4.39 |
+-------------------------+-------------------------------------------------------------+----------------------------------------------+------------------+----------------+--------------+


