case__69: 
datapath__8: 
reg__30: 
logic__201: 
logic__84: 
datapath: 
case__100: 
case__47: 
reg__83: 
keep__10: 
reg__116: 
logic__205: 
logic__170: 
case__14: 
reg__79: 
logic__166: 
logic__95: 
muxpart: 
case__76: 
case__96: 
case__19: 
logic__77: 
case__48: 
case__99: 
case__1: 
logic__101: 
keep__24: 
reg__41: 
logic: 
reg__16: 
logic__148: 
logic__66: 
case__55: 
logic__53: 
reg__32: 
keep__7: 
case__45: 
muxpart__13: 
logic__233: 
muxpart__40: 
case__128: 
reg__86: 
case__82: 
reg__31: 
extram__3: 
case__90: 
logic__91: 
reg__84: 
logic__239: 
case__15: 
muxpart__23: 
reg__46: 
keep__11: 
case__28: 
reg__108: 
reg__107: 
logic__147: 
logic__208: 
reg__139: 
reg__99: 
logic__71: 
reg__87: 
seg7: 
reg__111: 
case__95: 
logic__116: 
reg__68: 
case__62: 
reg__127: 
logic__70: 
datapath__21: 
case__102: 
logic__76: 
reg__134: 
keep: 
muxpart__15: 
reg__39: 
muxpart__32: 
case__72: 
reg__12: 
reg__76: 
muxpart__29: 
reg__35: 
reg__62: 
reg__130: 
case__37: 
logic__224: 
logic__185: 
logic__43: 
logic__184: 
reg__26: 
case__127: 
reg__117: 
reg__114: 
case__111: 
counter: 
datapath__29: 
reg__49: 
case__60: 
datapath__1: 
logic__319: 
logic__269: 
logic__42: 
logic__40: 
keep__19: 
reg__33: 
case__58: 
logic__317: 
case__65: 
reg__48: 
case__26: 
logic__332: 
case__106: 
case__78: 
case__56: 
case__59: 
datapath__26: 
logic__276: 
logic__90: 
case__105: 
reg__146: 
case__107: 
muxpart__39: 
case__50: 
reg__148: 
logic__182: 
logic__25: 
keep__13: 
logic__219: 
reg__34: 
case__129: 
myCPU: 
case__63: 
reg__112: 
logic__59: 
muxpart__18: 
muxpart__2: 
reg__126: 
reg__66: 
case__98: 
reg__101: 
case__27: 
reg__102: 
datapath__30: 
extram: 
case__64: 
reg__20: 
reg__143: 
case__83: 
reg__97: 
logic__281: 
reg__36: 
logic__96: 
reg__71: 
reg__145: 
datapath__11: 
reg__100: 
reg__27: 
logic__33: 
reg__132: 
extram__2: 
datapath__12: 
logic__123: 
reg__144: 
keep__12: 
muxpart__34: 
reg__142: 
logic__318: 
case__94: 
reg__91: 
logic__155: 
logic__282: 
datapath__22: 
reg__140: 
logic__315: 
case__104: 
case__41: 
case__124: 
reg__23: 
logic__322: 
case__122: 
logic__207: 
reg__25: 
keep__15: 
reg__136: 
muxpart__33: 
logic__79: 
case__34: 
reg__11: 
logic__160: 
reg__77: 
logic__97: 
reg__18: 
logic__82: 
case__35: 
logic__145: 
case__75: 
reg__14: 
muxpart__35: 
case__101: 
logic__81: 
logic__234: 
muxpart__17: 
case__80: 
keep__17: 
logic__179: 
reg__28: 
reg__60: 
case__70: 
case__92: 
case__61: 
reg__105: 
case__54: 
keep__14: 
logic__92: 
reg__54: 
case__109: 
logic__190: 
muxpart__20: 
perip_bridge: 
datapath__27: 
datapath__6: 
counter__3: 
muxpart__22: 
logic__165: 
case__57: 
keep__6: 
reg__22: 
logic__69: 
keep__21: 
logic__330: 
reg__90: 
logic__178: 
case__52: 
keep__20: 
reg__104: 
reg__94: 
logic__164: 
reg__65: 
logic__316: 
reg__122: 
case__31: 
keep__2: 
datapath__23: 
datapath__3: 
reg__10: 
reg__38: 
reg__85: 
case__85: 
keep__27: 
datapath__20: 
muxpart__3: 
reg__109: 
logic__72: 
keep__5: 
case__97: 
logic__99: 
keep__3: 
logic__274: 
reg__58: 
reg__8: 
reg__44: 
reg__124: 
case__115: 
reg__96: 
muxpart__27: 
reg__55: 
muxpart__36: 
logic__154: 
case__36: 
case__88: 
logic__47: 
logic__93: 
muxpart__38: 
logic__141: 
reg__138: 
case__125: 
case__108: 
logic__26: 
muxpart__31: 
reg__40: 
logic__100: 
reg__149: 
keep__23: 
datapath__28: 
logic__83: 
reg__15: 
reg__9: 
reg__93: 
case__116: 
case__18: 
reg__19: 
logic__89: 
case__68: 
case__121: 
logic__118: 
logic__38: 
logic__333: 
case__119: 
case__53: 
reg__70: 
logic__110: 
reg__50: 
reg__128: 
reg__74: 
logic__163: 
reg__56: 
case__43: 
counter__2: 
logic__189: 
case__25: 
case__67: 
reg__3: 
logic__106: 
reg__7: 
logic__136: 
case__110: 
case__91: 
logic__132: 
case__123: 
top: 
logic__232: 
logic__167: 
logic__270: 
datapath__16: 
keep__18: 
reg__92: 
case__79: 
student_top: 
case__74: 
case__117: 
logic__39: 
keep__16: 
logic__202: 
keep__22: 
reg__80: 
reg__64: 
reg__78: 
case__84: 
reg__81: 
reg__115: 
logic__46: 
reg__2: 
reg__73: 
reg__141: 
reg__133: 
case__112: 
logic__35: 
reg__98: 
case__118: 
reg__120: 
reg__135: 
logic__80: 
reg__118: 
reg__106: 
case__44: 
muxpart__30: 
reg__21: 
reg__137: 
case__23: 
case__30: 
reg__131: 
case__77: 
muxpart__25: 
logic__74: 
reg__121: 
logic__87: 
datapath__4: 
reg__113: 
logic__162: 
datapath__15: 
logic__161: 
case__20: 
case__32: 
logic__94: 
logic__88: 
ALU: 
case__39: 
logic__220: 
case__11: 
logic__331: 
logic__128: 
logic__158: 
reg__59: 
case__12: 
reg__95: 
logic__75: 
reg__147: 
case__21: 
muxpart__26: 
extram__1: 
case__73: 
case__126: 
case__40: 
reg__82: 
reg__37: 
uart: 
case: 
logic__78: 
logic__125: 
reg__119: 
reg__4: 
logic__320: 
case__103: 
case__89: 
case__87: 
reg__67: 
keep__8: 
datapath__13: 
reg__72: 
muxpart__14: 
logic__206: 
datapath__19: 
logic__5: 
dram_driver: 
case__71: 
reg: 
keep__9: 
reg__24: 
logic__188: 
muxpart__16: 
case__86: 
reg__89: 
logic__249: 
reg__110: 
muxpart__19: 
reg__17: 
reg__123: 
logic__124: 
case__29: 
reg__29: 
case__22: 
reg__1: 
reg__69: 
muxpart__24: 
case__17: 
logic__108: 
datapath__5: 
reg__125: 
twin_controller: 
reg__51: 
logic__52: 
case__42: 
datapath__10: 
keep__4: 
display_seg: 
reg__47: 
logic__321: 
logic__85: 
logic__98: 
logic__277: 
muxpart__37: 
logic__73: 
case__24: 
logic__117: 
case__66: 
datapath__24: 
muxpart__1: 
case__93: 
case__38: 
logic__223: 
reg__52: 
keep__1: 
logic__258: 
case__46: 
logic__86: 
case__113: 
reg__129: 
case__81: 
reg__63: 
logic__231: 
datapath__7: 
reg__75: 
reg__61: 
reg__42: 
datapath__9: 
case__16: 
RF: 
keep__25: 
reg__45: 
reg__57: 
case__49: 
datapath__18: 
case__51: 
keep__26: 
datapath__2: 
muxpart__21: 
reg__53: 
case__114: 
counter__1: 
reg__103: 
logic__107: 
logic__109: 
datapath__25: 
case__120: 
datapath__14: 
case__33: 
datapath__17: 
logic__27: 
logic__203: 
case__13: 
reg__88: 
reg__13: 
logic__183: 
reg__43: 
